// Jest Snapshot v1, https://goo.gl/fbAQLP

exports[`renders 1`] = `
<div>
  <h1>
    User Settings:
  </h1>
  <form
    onSubmit={[Function]}
  >
    <label
      htmlFor="photo"
    >
      Photo
    </label>
    <input
      id="file"
      name="file"
      onChange={[Function]}
      onSubmit={[Function]}
      type="file"
    />
    <label
      htmlFor="name"
    >
      Name
    </label>
    <input
      id="userSettingsName"
      name="name"
      onBlur={[Function]}
      onChange={[Function]}
      type="text"
      value=""
    />
    <label
      htmlFor="email"
    >
      Email Address
    </label>
    <input
      id="userSettingsEmail"
      name="email"
      onBlur={[Function]}
      onChange={[Function]}
      type="email"
      value=""
    />
    <label
      htmlFor="password"
    >
      Password
    </label>
    <input
      id="userSettingsPassword"
      name="password"
      onBlur={[Function]}
      onChange={[Function]}
      type="password"
      value=""
    />
    <label
      htmlFor="confirmPassword"
    >
      Password
    </label>
    <input
      id="userSettingsConfirmPassword"
      name="confirmPassword"
      onBlur={[Function]}
      onChange={[Function]}
      type="password"
      value=""
    />
    <button
      type="submit"
    >
      Update Details
    </button>
  </form>
</div>
`;
